// Jest Snapshot v1, https://goo.gl/fbAQLP

exports[`MuiShowInferencer should match the snapshot 1`] = `
<DocumentFragment>
  <div>
    <div
      class="MuiPaper-root MuiPaper-elevation MuiPaper-rounded MuiPaper-elevation1 MuiCard-root css-bhp9pd-MuiPaper-root-MuiCard-root"
    >
      <div
        class="MuiCardHeader-root css-12qh39f-MuiCardHeader-root"
      >
        <div
          class="MuiCardHeader-avatar css-1ssile9-MuiCardHeader-avatar"
        >
          <button
            class="MuiButtonBase-root MuiIconButton-root MuiIconButton-sizeMedium css-78trlr-MuiButtonBase-root-MuiIconButton-root"
            tabindex="0"
            type="button"
          >
            <svg
              aria-hidden="true"
              class="MuiSvgIcon-root MuiSvgIcon-fontSizeMedium css-i4bv87-MuiSvgIcon-root"
              data-testid="ArrowBackIcon"
              focusable="false"
              viewBox="0 0 24 24"
            >
              <path
                d="M20 11H7.83l5.59-5.59L12 4l-8 8 8 8 1.41-1.41L7.83 13H20v-2z"
              />
            </svg>
            <span
              class="MuiTouchRipple-root css-8je8zh-MuiTouchRipple-root"
            />
          </button>
        </div>
        <div
          class="MuiCardHeader-content css-1qbkelo-MuiCardHeader-content"
        >
          <h5
            class="MuiTypography-root MuiTypography-h5 css-ag7rrr-MuiTypography-root"
          >
            Show Post
          </h5>
        </div>
        <div
          class="MuiCardHeader-action css-sgoict-MuiCardHeader-action"
        >
          <div
            class="MuiBox-root css-10egq61"
          >
            <a
              href="/posts"
              style="text-decoration: none;"
            >
              <button
                class="MuiButtonBase-root MuiButton-root MuiButton-text MuiButton-textPrimary MuiButton-sizeMedium MuiButton-textSizeMedium MuiButton-root MuiButton-text MuiButton-textPrimary MuiButton-sizeMedium MuiButton-textSizeMedium css-198eyrn-MuiButtonBase-root-MuiButton-root"
                tabindex="0"
                title=""
                type="button"
              >
                <span
                  class="MuiButton-startIcon MuiButton-iconSizeMedium css-1d6wzja-MuiButton-startIcon"
                >
                  <svg
                    aria-hidden="true"
                    class="MuiSvgIcon-root MuiSvgIcon-fontSizeMedium css-i4bv87-MuiSvgIcon-root"
                    data-testid="ListOutlinedIcon"
                    focusable="false"
                    viewBox="0 0 24 24"
                  >
                    <path
                      d="M3 13h2v-2H3v2zm0 4h2v-2H3v2zm0-8h2V7H3v2zm4 4h14v-2H7v2zm0 4h14v-2H7v2zM7 7v2h14V7H7zm-4 6h2v-2H3v2zm0 4h2v-2H3v2zm0-8h2V7H3v2zm4 4h14v-2H7v2zm0 4h14v-2H7v2zM7 7v2h14V7H7z"
                    />
                  </svg>
                </span>
                Posts
                <span
                  class="MuiTouchRipple-root css-8je8zh-MuiTouchRipple-root"
                />
              </button>
            </a>
            <button
              class="MuiButtonBase-root MuiButton-root MuiLoadingButton-root MuiButton-text MuiButton-textPrimary MuiButton-sizeMedium MuiButton-textSizeMedium MuiButton-root MuiLoadingButton-root MuiButton-text MuiButton-textPrimary MuiButton-sizeMedium MuiButton-textSizeMedium css-1xanul-MuiButtonBase-root-MuiButton-root-MuiLoadingButton-root"
              id=":r0:"
              tabindex="0"
              type="button"
            >
              <span
                class="MuiButton-startIcon MuiButton-iconSizeMedium css-1d6wzja-MuiButton-startIcon"
              >
                <svg
                  aria-hidden="true"
                  class="MuiSvgIcon-root MuiSvgIcon-fontSizeMedium css-i4bv87-MuiSvgIcon-root"
                  data-testid="RefreshOutlinedIcon"
                  focusable="false"
                  viewBox="0 0 24 24"
                >
                  <path
                    d="M17.65 6.35C16.2 4.9 14.21 4 12 4c-4.42 0-7.99 3.58-7.99 8s3.57 8 7.99 8c3.73 0 6.84-2.55 7.73-6h-2.08c-.82 2.33-3.04 4-5.65 4-3.31 0-6-2.69-6-6s2.69-6 6-6c1.66 0 3.14.69 4.22 1.78L13 11h7V4l-2.35 2.35z"
                  />
                </svg>
              </span>
              Refresh
              <span
                class="MuiTouchRipple-root css-8je8zh-MuiTouchRipple-root"
              />
            </button>
          </div>
        </div>
      </div>
      <div
        class="MuiCardContent-root css-46bh2p-MuiCardContent-root"
      >
        <div
          class="css-hwnj0i-MuiStack-root"
        >
          <p
            class="MuiTypography-root MuiTypography-body1 css-ndaqpv-MuiTypography-root"
          >
            Id
          </p>
          <p
            class="MuiTypography-root MuiTypography-body2 css-e784if-MuiTypography-root"
          >
            11
          </p>
          <p
            class="MuiTypography-root MuiTypography-body1 css-ndaqpv-MuiTypography-root"
          >
            Title
          </p>
          <p
            class="MuiTypography-root MuiTypography-body2 css-e784if-MuiTypography-root"
          >
            Nobis exercitationem officia quia est.
          </p>
          <p
            class="MuiTypography-root MuiTypography-body1 css-ndaqpv-MuiTypography-root"
          >
            Slug
          </p>
          <p
            class="MuiTypography-root MuiTypography-body2 css-e784if-MuiTypography-root"
          >
            provident-culpa-facere
          </p>
          <p
            class="MuiTypography-root MuiTypography-body1 css-ndaqpv-MuiTypography-root"
          >
            Content
          </p>
          <p>
            Non velit blanditiis optio quo quaerat nam aperiam. Odit tempore consequatur voluptatibus molestias. Est nemo aut. Fugit aliquam enim eveniet veritatis. Magni et aut. Consequatur aliquid rerum vero. Quaerat debitis enim magnam. Dolorem est delectus architecto et accusantium. Velit quia vero. Aut necessitatibus quia at consequatur soluta accusantium.
          </p>
          <p
            class="MuiTypography-root MuiTypography-body1 css-ndaqpv-MuiTypography-root"
          >
            Hit
          </p>
          <p
            class="MuiTypography-root MuiTypography-body2 css-e784if-MuiTypography-root"
          >
            920,557
          </p>
          <p
            class="MuiTypography-root MuiTypography-body1 css-ndaqpv-MuiTypography-root"
          >
            Category
          </p>
          Numquam Saepe Illo
          <p
            class="MuiTypography-root MuiTypography-body1 css-ndaqpv-MuiTypography-root"
          >
            User
          </p>
          Eriberto Leannon
          <p
            class="MuiTypography-root MuiTypography-body1 css-ndaqpv-MuiTypography-root"
          >
            Status
          </p>
          <p
            class="MuiTypography-root MuiTypography-body2 css-e784if-MuiTypography-root"
          >
            draft
          </p>
          <p
            class="MuiTypography-root MuiTypography-body1 css-ndaqpv-MuiTypography-root"
          >
            Status Color
          </p>
          <p
            class="MuiTypography-root MuiTypography-body2 css-e784if-MuiTypography-root"
          >
            orange
          </p>
          <p
            class="MuiTypography-root MuiTypography-body1 css-ndaqpv-MuiTypography-root"
          >
            Created At
          </p>
          <p
            class="MuiTypography-root MuiTypography-body2 css-e784if-MuiTypography-root"
          >
            04/02/2022
          </p>
          <p
            class="MuiTypography-root MuiTypography-body1 css-ndaqpv-MuiTypography-root"
          >
            Published At
          </p>
          <p
            class="MuiTypography-root MuiTypography-body2 css-e784if-MuiTypography-root"
          >
            08/10/2021
          </p>
          <p
            class="MuiTypography-root MuiTypography-body1 css-ndaqpv-MuiTypography-root"
          >
            Image
          </p>
          <div
            class="css-w4z10b-MuiStack-root"
          >
            <img
              src="http://loremflickr.com/640/480/abstract"
              style="max-width: 200px; width: 100%; height: 200px;"
            />
          </div>
          <p
            class="MuiTypography-root MuiTypography-body1 css-ndaqpv-MuiTypography-root"
          >
            Tags
          </p>
          <div
            class="css-w4z10b-MuiStack-root"
          >
            <div
              class="MuiChip-root MuiChip-filled MuiChip-sizeMedium MuiChip-colorDefault MuiChip-filledDefault css-w66kx-MuiChip-root"
            >
              <span
                class="MuiChip-label MuiChip-labelMedium css-6od3lo-MuiChip-label"
              >
                Error Eos Et
              </span>
            </div>
            <div
              class="MuiChip-root MuiChip-filled MuiChip-sizeMedium MuiChip-colorDefault MuiChip-filledDefault css-w66kx-MuiChip-root"
            >
              <span
                class="MuiChip-label MuiChip-labelMedium css-6od3lo-MuiChip-label"
              >
                Nobis Et Ut
              </span>
            </div>
          </div>
          <p
            class="MuiTypography-root MuiTypography-body1 css-ndaqpv-MuiTypography-root"
          >
            Language
          </p>
          <p
            class="MuiTypography-root MuiTypography-body2 css-e784if-MuiTypography-root"
          >
            2
          </p>
        </div>
      </div>
      <div
        class="MuiCardActions-root MuiCardActions-spacing css-ljfa65-MuiCardActions-root"
      />
    </div>
  </div>
  <div
    class="MuiBox-root css-1x21b2v"
  >
    <div
      class="MuiBox-root css-10egq61"
    >
      <button
        class="MuiButtonBase-root MuiButton-root MuiButton-contained MuiButton-containedPrimary MuiButton-sizeMedium MuiButton-containedSizeMedium MuiButton-root MuiButton-contained MuiButton-containedPrimary MuiButton-sizeMedium MuiButton-containedSizeMedium css-t65gl3-MuiButtonBase-root-MuiButton-root"
        tabindex="0"
        type="button"
      >
        <span
          class="MuiButton-startIcon MuiButton-iconSizeMedium css-1d6wzja-MuiButton-startIcon"
        >
          <svg
            class="icon icon-tabler icon-tabler-code"
            fill="none"
            height="18"
            stroke="currentColor"
            stroke-linecap="round"
            stroke-linejoin="round"
            stroke-width="2"
            viewBox="0 0 24 24"
            width="18"
            xmlns="http://www.w3.org/2000/svg"
          >
            <path
              d="M0 0h24v24H0z"
              fill="none"
              stroke="none"
            />
            <polyline
              points="7 8 3 12 7 16"
            />
            <polyline
              points="17 8 21 12 17 16"
            />
            <line
              x1="14"
              x2="10"
              y1="4"
              y2="20"
            />
          </svg>
        </span>
        Show Code
        <span
          class="MuiTouchRipple-root css-8je8zh-MuiTouchRipple-root"
        />
      </button>
      <a
        class="MuiButtonBase-root MuiButton-root MuiButton-contained MuiButton-containedSecondary MuiButton-sizeMedium MuiButton-containedSizeMedium MuiButton-root MuiButton-contained MuiButton-containedSecondary MuiButton-sizeMedium MuiButton-containedSizeMedium css-ik8k1-MuiButtonBase-root-MuiButton-root"
        href="https://github.com/refinedev/refine/discussions/3046"
        tabindex="0"
        target="_blank"
      >
        <span
          class="MuiButton-startIcon MuiButton-iconSizeMedium css-1d6wzja-MuiButton-startIcon"
        >
          <svg
            class="icon icon-tabler icon-tabler-message-circle"
            fill="none"
            height="18"
            stroke="currentColor"
            stroke-linecap="round"
            stroke-linejoin="round"
            stroke-width="2"
            viewBox="0 0 24 24"
            width="18"
            xmlns="http://www.w3.org/2000/svg"
          >
            <path
              d="M0 0h24v24H0z"
              fill="none"
              stroke="none"
            />
            <path
              d="M3 20l1.3 -3.9a9 8 0 1 1 3.4 2.9l-4.7 1"
            />
            <line
              x1="12"
              x2="12"
              y1="12"
              y2="12.01"
            />
            <line
              x1="8"
              x2="8"
              y1="12"
              y2="12.01"
            />
            <line
              x1="16"
              x2="16"
              y1="12"
              y2="12.01"
            />
          </svg>
        </span>
        Give Feedback
        <span
          class="MuiTouchRipple-root css-8je8zh-MuiTouchRipple-root"
        />
      </a>
    </div>
  </div>
  <div
    style="height: 50px;"
  />
</DocumentFragment>
`;
