// Jest Snapshot v1, https://goo.gl/fbAQLP

exports[`ChakraEditInferencer should match the snapshot 1`] = `
<DocumentFragment>
  <div>
    <div
      class="css-1mdbftt"
    >
      <div
        class="css-15izviv"
      >
        <div
          class="css-gqssyb"
        >
          <div
            class="chakra-stack css-15lgeks"
          >
            <button
              aria-label="back"
              class="chakra-button css-p7mkev"
              type="button"
            >
              <svg
                aria-hidden="true"
                class="icon icon-tabler icon-tabler-arrow-left"
                fill="none"
                focusable="false"
                height="24"
                stroke="currentColor"
                stroke-linecap="round"
                stroke-linejoin="round"
                stroke-width="2"
                viewBox="0 0 24 24"
                width="24"
                xmlns="http://www.w3.org/2000/svg"
              >
                <path
                  d="M0 0h24v24H0z"
                  fill="none"
                  stroke="none"
                />
                <line
                  x1="5"
                  x2="19"
                  y1="12"
                  y2="12"
                />
                <line
                  x1="5"
                  x2="11"
                  y1="12"
                  y2="18"
                />
                <line
                  x1="5"
                  x2="11"
                  y1="12"
                  y2="6"
                />
              </svg>
            </button>
            <h3
              class="chakra-heading css-0"
            >
              Edit Post
            </h3>
          </div>
        </div>
        <div
          class="css-i08qke"
        >
          <a
            href="/posts"
          >
            <button
              class="chakra-button css-4xx2wk"
              title=""
              type="button"
            >
              <span
                class="chakra-button__icon css-1wh2kri"
              >
                <svg
                  aria-hidden="true"
                  class="icon icon-tabler icon-tabler-list"
                  fill="none"
                  focusable="false"
                  height="20"
                  stroke="currentColor"
                  stroke-linecap="round"
                  stroke-linejoin="round"
                  stroke-width="2"
                  viewBox="0 0 24 24"
                  width="20"
                  xmlns="http://www.w3.org/2000/svg"
                >
                  <path
                    d="M0 0h24v24H0z"
                    fill="none"
                    stroke="none"
                  />
                  <line
                    x1="9"
                    x2="20"
                    y1="6"
                    y2="6"
                  />
                  <line
                    x1="9"
                    x2="20"
                    y1="12"
                    y2="12"
                  />
                  <line
                    x1="9"
                    x2="20"
                    y1="18"
                    y2="18"
                  />
                  <line
                    x1="5"
                    x2="5"
                    y1="6"
                    y2="6.01"
                  />
                  <line
                    x1="5"
                    x2="5"
                    y1="12"
                    y2="12.01"
                  />
                  <line
                    x1="5"
                    x2="5"
                    y1="18"
                    y2="18.01"
                  />
                </svg>
              </span>
              Posts
            </button>
          </a>
          <button
            class="chakra-button css-4xx2wk"
            type="button"
          >
            <span
              class="chakra-button__icon css-1wh2kri"
            >
              <svg
                aria-hidden="true"
                class="icon icon-tabler icon-tabler-refresh"
                fill="none"
                focusable="false"
                height="20"
                stroke="currentColor"
                stroke-linecap="round"
                stroke-linejoin="round"
                stroke-width="2"
                viewBox="0 0 24 24"
                width="20"
                xmlns="http://www.w3.org/2000/svg"
              >
                <path
                  d="M0 0h24v24H0z"
                  fill="none"
                  stroke="none"
                />
                <path
                  d="M20 11a8.1 8.1 0 0 0 -15.5 -2m-.5 -4v4h4"
                />
                <path
                  d="M4 13a8.1 8.1 0 0 0 15.5 2m.5 4v-4h-4"
                />
              </svg>
            </span>
            Refresh
          </button>
        </div>
      </div>
      <div
        class="css-0"
      >
        <div
          class="chakra-form-control css-h82jag"
          role="group"
        >
          <label
            class="chakra-form__label css-uvho5g"
            for="field-:r5:"
            id="field-:r5:-label"
          >
            Id
          </label>
          <input
            class="chakra-input css-0"
            disabled=""
            id="field-:r5:"
            name="id"
            type="number"
          />
        </div>
        <div
          class="chakra-form-control css-h82jag"
          role="group"
        >
          <label
            class="chakra-form__label css-uvho5g"
            for="field-:r6:"
            id="field-:r6:-label"
          >
            Title
          </label>
          <input
            class="chakra-input css-0"
            id="field-:r6:"
            name="title"
            type="text"
          />
        </div>
        <div
          class="chakra-form-control css-h82jag"
          role="group"
        >
          <label
            class="chakra-form__label css-uvho5g"
            for="field-:r7:"
            id="field-:r7:-label"
          >
            Slug
          </label>
          <input
            class="chakra-input css-0"
            id="field-:r7:"
            name="slug"
            type="text"
          />
        </div>
        <div
          class="chakra-form-control css-h82jag"
          role="group"
        >
          <label
            class="chakra-form__label css-uvho5g"
            for="field-:r8:"
            id="field-:r8:-label"
          >
            Content
          </label>
          <input
            class="chakra-input css-0"
            id="field-:r8:"
            name="content"
          />
        </div>
        <div
          class="chakra-form-control css-h82jag"
          role="group"
        >
          <label
            class="chakra-form__label css-uvho5g"
            for="field-:r9:"
            id="field-:r9:-label"
          >
            Hit
          </label>
          <input
            class="chakra-input css-0"
            id="field-:r9:"
            name="hit"
            type="number"
          />
        </div>
        <div
          class="chakra-form-control css-h82jag"
          role="group"
        >
          <label
            class="chakra-form__label css-uvho5g"
            for="field-:ra:"
            id="field-:ra:-label"
          >
            Category
          </label>
          <div
            class="chakra-select__wrapper css-42b2qy"
          >
            <select
              class="chakra-select css-1ik61og"
              id="field-:ra:"
              name="category.id"
            >
              <option
                value=""
              >
                Select category
              </option>
              <option
                value="16"
              >
                Numquam Saepe Illo
              </option>
              <option
                value="7"
              >
                Sit Natus Voluptatibus
              </option>
            </select>
            <div
              class="chakra-select__icon-wrapper css-162mkon"
            >
              <svg
                aria-hidden="true"
                class="chakra-select__icon"
                focusable="false"
                role="presentation"
                style="width: 1em; height: 1em; color: currentColor;"
                viewBox="0 0 24 24"
              >
                <path
                  d="M16.59 8.59L12 13.17 7.41 8.59 6 10l6 6 6-6z"
                  fill="currentColor"
                />
              </svg>
            </div>
          </div>
        </div>
        <div
          class="chakra-form-control css-h82jag"
          role="group"
        >
          <label
            class="chakra-form__label css-uvho5g"
            for="field-:rb:"
            id="field-:rb:-label"
          >
            User
          </label>
          <div
            class="chakra-select__wrapper css-42b2qy"
          >
            <select
              class="chakra-select css-1ik61og"
              id="field-:rb:"
              name="user.id"
            >
              <option
                value=""
              >
                Select user
              </option>
              <option
                value="21"
              >
                Eriberto
              </option>
              <option
                value="49"
              >
                Tressie
              </option>
            </select>
            <div
              class="chakra-select__icon-wrapper css-162mkon"
            >
              <svg
                aria-hidden="true"
                class="chakra-select__icon"
                focusable="false"
                role="presentation"
                style="width: 1em; height: 1em; color: currentColor;"
                viewBox="0 0 24 24"
              >
                <path
                  d="M16.59 8.59L12 13.17 7.41 8.59 6 10l6 6 6-6z"
                  fill="currentColor"
                />
              </svg>
            </div>
          </div>
        </div>
        <div
          class="chakra-form-control css-h82jag"
          role="group"
        >
          <label
            class="chakra-form__label css-uvho5g"
            for="field-:rc:"
            id="field-:rc:-label"
          >
            Status
          </label>
          <input
            class="chakra-input css-0"
            id="field-:rc:"
            name="status"
            type="text"
          />
        </div>
        <div
          class="chakra-form-control css-h82jag"
          role="group"
        >
          <label
            class="chakra-form__label css-uvho5g"
            for="field-:rd:"
            id="field-:rd:-label"
          >
            Status Color
          </label>
          <input
            class="chakra-input css-0"
            id="field-:rd:"
            name="status_color"
            type="text"
          />
        </div>
        <div
          class="chakra-form-control css-h82jag"
          role="group"
        >
          <label
            class="chakra-form__label css-uvho5g"
            for="field-:re:"
            id="field-:re:-label"
          >
            Created At
          </label>
          <input
            class="chakra-input css-0"
            id="field-:re:"
            name="createdAt"
          />
        </div>
        <div
          class="chakra-form-control css-h82jag"
          role="group"
        >
          <label
            class="chakra-form__label css-uvho5g"
            for="field-:rf:"
            id="field-:rf:-label"
          >
            Published At
          </label>
          <input
            class="chakra-input css-0"
            id="field-:rf:"
            name="publishedAt"
          />
        </div>
        <div
          class="chakra-form-control css-h82jag"
          role="group"
        >
          <label
            class="chakra-form__label css-uvho5g"
            for="field-:rg:"
            id="field-:rg:-label"
          >
            Tags
          </label>
          <div
            class="chakra-select__wrapper css-42b2qy"
          >
            <select
              class="chakra-select css-1ik61og"
              id="field-:rg:"
              name="tags"
            >
              <option
                value=""
              >
                Select tag
              </option>
              <option
                value="5"
              >
                Error Eos Et
              </option>
              <option
                value="9"
              >
                Nobis Et Ut
              </option>
            </select>
            <div
              class="chakra-select__icon-wrapper css-162mkon"
            >
              <svg
                aria-hidden="true"
                class="chakra-select__icon"
                focusable="false"
                role="presentation"
                style="width: 1em; height: 1em; color: currentColor;"
                viewBox="0 0 24 24"
              >
                <path
                  d="M16.59 8.59L12 13.17 7.41 8.59 6 10l6 6 6-6z"
                  fill="currentColor"
                />
              </svg>
            </div>
          </div>
        </div>
        <div
          class="chakra-form-control css-h82jag"
          role="group"
        >
          <label
            class="chakra-form__label css-uvho5g"
            for="field-:rh:"
            id="field-:rh:-label"
          >
            Language
          </label>
          <input
            class="chakra-input css-0"
            id="field-:rh:"
            name="language"
            type="number"
          />
        </div>
      </div>
      <div
        class="css-e6thd7"
      >
        <button
          class="chakra-button css-4xx2wk"
          type="button"
        >
          <span
            class="chakra-button__icon css-1wh2kri"
          >
            <svg
              aria-hidden="true"
              class="icon icon-tabler icon-tabler-device-floppy"
              fill="none"
              focusable="false"
              height="20"
              stroke="currentColor"
              stroke-linecap="round"
              stroke-linejoin="round"
              stroke-width="2"
              viewBox="0 0 24 24"
              width="20"
              xmlns="http://www.w3.org/2000/svg"
            >
              <path
                d="M0 0h24v24H0z"
                fill="none"
                stroke="none"
              />
              <path
                d="M6 4h10l4 4v10a2 2 0 0 1 -2 2h-12a2 2 0 0 1 -2 -2v-12a2 2 0 0 1 2 -2"
              />
              <circle
                cx="12"
                cy="14"
                r="2"
              />
              <polyline
                points="14 4 14 8 8 8 8 4"
              />
            </svg>
          </span>
          Save
        </button>
      </div>
    </div>
  </div>
  <div
    class="css-1x21b2v"
  >
    <div
      class="chakra-stack css-1qwdsol"
    >
      <button
        class="chakra-button css-4xx2wk"
        type="button"
      >
        <span
          class="chakra-button__icon css-1wh2kri"
        >
          <svg
            aria-hidden="true"
            class="icon icon-tabler icon-tabler-code"
            fill="none"
            focusable="false"
            height="18"
            stroke="currentColor"
            stroke-linecap="round"
            stroke-linejoin="round"
            stroke-width="2"
            viewBox="0 0 24 24"
            width="18"
            xmlns="http://www.w3.org/2000/svg"
          >
            <path
              d="M0 0h24v24H0z"
              fill="none"
              stroke="none"
            />
            <polyline
              points="7 8 3 12 7 16"
            />
            <polyline
              points="17 8 21 12 17 16"
            />
            <line
              x1="14"
              x2="10"
              y1="4"
              y2="20"
            />
          </svg>
        </span>
        Show Code
      </button>
      <a
        class="chakra-button css-4xx2wk"
        href="https://github.com/refinedev/refine/discussions/3046"
        target="_blank"
      >
        <span
          class="chakra-button__icon css-1wh2kri"
        >
          <svg
            aria-hidden="true"
            class="icon icon-tabler icon-tabler-message-circle"
            fill="none"
            focusable="false"
            height="18"
            stroke="currentColor"
            stroke-linecap="round"
            stroke-linejoin="round"
            stroke-width="2"
            viewBox="0 0 24 24"
            width="18"
            xmlns="http://www.w3.org/2000/svg"
          >
            <path
              d="M0 0h24v24H0z"
              fill="none"
              stroke="none"
            />
            <path
              d="M3 20l1.3 -3.9a9 8 0 1 1 3.4 2.9l-4.7 1"
            />
            <line
              x1="12"
              x2="12"
              y1="12"
              y2="12.01"
            />
            <line
              x1="8"
              x2="8"
              y1="12"
              y2="12.01"
            />
            <line
              x1="16"
              x2="16"
              y1="12"
              y2="12.01"
            />
          </svg>
        </span>
        Give Feedback
      </a>
    </div>
  </div>
  <div
    style="height: 50px;"
  />
</DocumentFragment>
`;
