// Jest Snapshot v1, https://goo.gl/fbAQLP

exports[`ChakraShowInferencer should match the snapshot 1`] = `
<DocumentFragment>
  <div>
    <div
      class="css-1mdbftt"
    >
      <div
        class="css-15izviv"
      >
        <div
          class="css-gqssyb"
        >
          <div
            class="chakra-stack css-84zodg"
          >
            <button
              aria-label="back"
              class="chakra-button css-p7mkev"
              type="button"
            >
              <svg
                aria-hidden="true"
                class="icon icon-tabler icon-tabler-arrow-left"
                fill="none"
                focusable="false"
                height="24"
                stroke="currentColor"
                stroke-linecap="round"
                stroke-linejoin="round"
                stroke-width="2"
                viewBox="0 0 24 24"
                width="24"
                xmlns="http://www.w3.org/2000/svg"
              >
                <path
                  d="M0 0h24v24H0z"
                  fill="none"
                  stroke="none"
                />
                <line
                  x1="5"
                  x2="19"
                  y1="12"
                  y2="12"
                />
                <line
                  x1="5"
                  x2="11"
                  y1="12"
                  y2="18"
                />
                <line
                  x1="5"
                  x2="11"
                  y1="12"
                  y2="6"
                />
              </svg>
            </button>
            <h3
              class="chakra-heading css-0"
            >
              Show Post
            </h3>
          </div>
        </div>
        <div
          class="css-i08qke"
        >
          <a
            href="/posts"
          >
            <button
              class="chakra-button css-4xx2wk"
              title=""
              type="button"
            >
              <span
                class="chakra-button__icon css-1wh2kri"
              >
                <svg
                  aria-hidden="true"
                  class="icon icon-tabler icon-tabler-list"
                  fill="none"
                  focusable="false"
                  height="20"
                  stroke="currentColor"
                  stroke-linecap="round"
                  stroke-linejoin="round"
                  stroke-width="2"
                  viewBox="0 0 24 24"
                  width="20"
                  xmlns="http://www.w3.org/2000/svg"
                >
                  <path
                    d="M0 0h24v24H0z"
                    fill="none"
                    stroke="none"
                  />
                  <line
                    x1="9"
                    x2="20"
                    y1="6"
                    y2="6"
                  />
                  <line
                    x1="9"
                    x2="20"
                    y1="12"
                    y2="12"
                  />
                  <line
                    x1="9"
                    x2="20"
                    y1="18"
                    y2="18"
                  />
                  <line
                    x1="5"
                    x2="5"
                    y1="6"
                    y2="6.01"
                  />
                  <line
                    x1="5"
                    x2="5"
                    y1="12"
                    y2="12.01"
                  />
                  <line
                    x1="5"
                    x2="5"
                    y1="18"
                    y2="18.01"
                  />
                </svg>
              </span>
              Posts
            </button>
          </a>
          <button
            class="chakra-button css-4xx2wk"
            type="button"
          >
            <span
              class="chakra-button__icon css-1wh2kri"
            >
              <svg
                aria-hidden="true"
                class="icon icon-tabler icon-tabler-refresh"
                fill="none"
                focusable="false"
                height="20"
                stroke="currentColor"
                stroke-linecap="round"
                stroke-linejoin="round"
                stroke-width="2"
                viewBox="0 0 24 24"
                width="20"
                xmlns="http://www.w3.org/2000/svg"
              >
                <path
                  d="M0 0h24v24H0z"
                  fill="none"
                  stroke="none"
                />
                <path
                  d="M20 11a8.1 8.1 0 0 0 -15.5 -2m-.5 -4v4h4"
                />
                <path
                  d="M4 13a8.1 8.1 0 0 0 15.5 2m.5 4v-4h-4"
                />
              </svg>
            </span>
            Refresh
          </button>
        </div>
      </div>
      <div
        class="css-0"
      >
        <h5
          class="chakra-heading css-1fhgjcy"
        >
          Id
        </h5>
        <p
          class="chakra-text css-0"
        >
          11
        </p>
        <h5
          class="chakra-heading css-1fhgjcy"
        >
          Title
        </h5>
        <p
          class="chakra-text css-0"
        >
          Nobis exercitationem officia quia est.
        </p>
        <h5
          class="chakra-heading css-1fhgjcy"
        >
          Slug
        </h5>
        <p
          class="chakra-text css-0"
        >
          provident-culpa-facere
        </p>
        <h5
          class="chakra-heading css-1fhgjcy"
        >
          Content
        </h5>
        <p>
          Non velit blanditiis optio quo quaerat nam aperiam. Odit tempore consequatur voluptatibus molestias. Est nemo aut. Fugit aliquam enim eveniet veritatis. Magni et aut. Consequatur aliquid rerum vero. Quaerat debitis enim magnam. Dolorem est delectus architecto et accusantium. Velit quia vero. Aut necessitatibus quia at consequatur soluta accusantium.
        </p>
        <h5
          class="chakra-heading css-1fhgjcy"
        >
          Hit
        </h5>
        <p
          class="chakra-text css-0"
        >
          920,557
        </p>
        <h5
          class="chakra-heading css-1fhgjcy"
        >
          Category
        </h5>
        Numquam Saepe Illo
        <h5
          class="chakra-heading css-1fhgjcy"
        >
          User
        </h5>
        Eriberto Leannon
        <h5
          class="chakra-heading css-1fhgjcy"
        >
          Status
        </h5>
        <p
          class="chakra-text css-0"
        >
          draft
        </p>
        <h5
          class="chakra-heading css-1fhgjcy"
        >
          Status Color
        </h5>
        <p
          class="chakra-text css-0"
        >
          orange
        </p>
        <h5
          class="chakra-heading css-1fhgjcy"
        >
          Created At
        </h5>
        <p
          class="chakra-text css-0"
        >
          04/02/2022
        </p>
        <h5
          class="chakra-heading css-1fhgjcy"
        >
          Published At
        </h5>
        <p
          class="chakra-text css-0"
        >
          08/10/2021
        </p>
        <h5
          class="chakra-heading css-1fhgjcy"
        >
          Image
        </h5>
        <img
          class="chakra-image css-tn9ygg"
          src="http://loremflickr.com/640/480/abstract"
        />
        <h5
          class="chakra-heading css-1fhgjcy"
        >
          Tags
        </h5>
        <div
          class="chakra-stack css-he6z7n"
        >
          <span
            class="css-1qm7lvz"
          >
            Error Eos Et
          </span>
          <span
            class="css-1qm7lvz"
          >
            Nobis Et Ut
          </span>
        </div>
        <h5
          class="chakra-heading css-1fhgjcy"
        >
          Language
        </h5>
        <p
          class="chakra-text css-0"
        >
          2
        </p>
      </div>
      <div
        class="css-e6thd7"
      />
    </div>
  </div>
  <div
    class="css-1x21b2v"
  >
    <div
      class="chakra-stack css-1qwdsol"
    >
      <button
        class="chakra-button css-4xx2wk"
        type="button"
      >
        <span
          class="chakra-button__icon css-1wh2kri"
        >
          <svg
            aria-hidden="true"
            class="icon icon-tabler icon-tabler-code"
            fill="none"
            focusable="false"
            height="18"
            stroke="currentColor"
            stroke-linecap="round"
            stroke-linejoin="round"
            stroke-width="2"
            viewBox="0 0 24 24"
            width="18"
            xmlns="http://www.w3.org/2000/svg"
          >
            <path
              d="M0 0h24v24H0z"
              fill="none"
              stroke="none"
            />
            <polyline
              points="7 8 3 12 7 16"
            />
            <polyline
              points="17 8 21 12 17 16"
            />
            <line
              x1="14"
              x2="10"
              y1="4"
              y2="20"
            />
          </svg>
        </span>
        Show Code
      </button>
      <a
        class="chakra-button css-4xx2wk"
        href="https://github.com/refinedev/refine/discussions/3046"
        target="_blank"
      >
        <span
          class="chakra-button__icon css-1wh2kri"
        >
          <svg
            aria-hidden="true"
            class="icon icon-tabler icon-tabler-message-circle"
            fill="none"
            focusable="false"
            height="18"
            stroke="currentColor"
            stroke-linecap="round"
            stroke-linejoin="round"
            stroke-width="2"
            viewBox="0 0 24 24"
            width="18"
            xmlns="http://www.w3.org/2000/svg"
          >
            <path
              d="M0 0h24v24H0z"
              fill="none"
              stroke="none"
            />
            <path
              d="M3 20l1.3 -3.9a9 8 0 1 1 3.4 2.9l-4.7 1"
            />
            <line
              x1="12"
              x2="12"
              y1="12"
              y2="12.01"
            />
            <line
              x1="8"
              x2="8"
              y1="12"
              y2="12.01"
            />
            <line
              x1="16"
              x2="16"
              y1="12"
              y2="12.01"
            />
          </svg>
        </span>
        Give Feedback
      </a>
    </div>
  </div>
  <div
    style="height: 50px;"
  />
</DocumentFragment>
`;
